// Jest Snapshot v1, https://goo.gl/fbAQLP

exports[`AccountsTable Should display the AccountsTable 1`] = `
<div>
  <table
    class="MuiTable-root MuiTable-stickyHeader css-xn82ks-MuiTable-root"
  >
    <thead
      class="MuiTableHead-root css-15wwp11-MuiTableHead-root"
    >
      <tr
        class="MuiTableRow-root MuiTableRow-head css-1q1u3t4-MuiTableRow-root"
      >
        <th
          class="MuiTableCell-root MuiTableCell-head MuiTableCell-stickyHeader MuiTableCell-sizeMedium css-y8ay40-MuiTableCell-root"
          scope="col"
        >
          Id
        </th>
        <th
          class="MuiTableCell-root MuiTableCell-head MuiTableCell-stickyHeader MuiTableCell-sizeMedium css-y8ay40-MuiTableCell-root"
          scope="col"
        >
          Nombre de cuenta
        </th>
        <th
          class="MuiTableCell-root MuiTableCell-head MuiTableCell-stickyHeader MuiTableCell-sizeMedium css-y8ay40-MuiTableCell-root"
          scope="col"
        >
          Tipo de Cuenta
        </th>
      </tr>
    </thead>
    <tbody
      class="MuiTableBody-root css-apqrd9-MuiTableBody-root"
    >
      <tr
        class="MuiTableRow-root css-1q1u3t4-MuiTableRow-root"
      >
        <td
          class="MuiTableCell-root MuiTableCell-body MuiTableCell-sizeMedium css-1ex1afd-MuiTableCell-root"
        >
          AnId
        </td>
        <td
          class="MuiTableCell-root MuiTableCell-body MuiTableCell-sizeMedium css-1ex1afd-MuiTableCell-root"
        >
          This is a title 1
        </td>
        <td
          class="MuiTableCell-root MuiTableCell-body MuiTableCell-sizeMedium css-1ex1afd-MuiTableCell-root"
        >
          Expenses
        </td>
      </tr>
      <tr
        class="MuiTableRow-root css-1q1u3t4-MuiTableRow-root"
      >
        <td
          class="MuiTableCell-root MuiTableCell-body MuiTableCell-sizeMedium css-1ex1afd-MuiTableCell-root"
        >
          AnId2
        </td>
        <td
          class="MuiTableCell-root MuiTableCell-body MuiTableCell-sizeMedium css-1ex1afd-MuiTableCell-root"
        >
          This is a title 2
        </td>
        <td
          class="MuiTableCell-root MuiTableCell-body MuiTableCell-sizeMedium css-1ex1afd-MuiTableCell-root"
        >
          Capital
        </td>
      </tr>
      <tr
        class="MuiTableRow-root css-1q1u3t4-MuiTableRow-root"
      >
        <td
          class="MuiTableCell-root MuiTableCell-body MuiTableCell-sizeMedium css-1ex1afd-MuiTableCell-root"
        >
          AnId3
        </td>
        <td
          class="MuiTableCell-root MuiTableCell-body MuiTableCell-sizeMedium css-1ex1afd-MuiTableCell-root"
        >
          This is a title 3
        </td>
        <td
          class="MuiTableCell-root MuiTableCell-body MuiTableCell-sizeMedium css-1ex1afd-MuiTableCell-root"
        >
          Entry
        </td>
      </tr>
    </tbody>
  </table>
</div>
`;
