// Jest Snapshot v1, https://goo.gl/fbAQLP

exports[`AccountsPage Should display the Data 1`] = `
<div>
  <div
    class="MuiContainer-root MuiContainer-maxWidthLg css-1oqqzyl-MuiContainer-root"
  />
</div>
`;

exports[`AccountsPage Should display the empty table 1`] = `
<div>
  <div
    class="MuiContainer-root MuiContainer-maxWidthLg css-1oqqzyl-MuiContainer-root"
  />
</div>
`;

exports[`AccountsPage Should display the loading page 1`] = `
<div>
  <div
    class="MuiContainer-root MuiContainer-maxWidthLg css-1oqqzyl-MuiContainer-root"
  />
</div>
`;
